<?xml version="1.0" encoding="utf-8"?>
<?AutomationStudio Version="4.12.6.106"?>
<Objects>
  <Object
    Path="C:\projects\AutomatedPongGame\Logical\Package.pkg"
    LogicalPath=""
    Type="Package.ParentUnknown"
    LastWriteTime="134176063547173479" />
  <Object
    Path="C:\projects\AutomatedPongGame\Logical\Global.typ"
    LogicalPath="Global.typ"
    Type="File"
    LastWriteTime="134159720264047356"
    Private="false" />
  <Object
    Path="C:\projects\AutomatedPongGame\Logical\Global.var"
    LogicalPath="Global.var"
    Type="File"
    LastWriteTime="134176039195326558"
    Private="false" />
  <Object
    Path="C:\projects\AutomatedPongGame\Logical\Libraries\Package.pkg"
    LogicalPath="Libraries"
    Type="Package"
    LastWriteTime="134181469178563835" />
  <Object
    Path="C:\projects\AutomatedPongGame\Logical\Libraries\operator\binary.lby"
    LogicalPath="Libraries.operator"
    Type="Library"
    LastWriteTime="134094034660000000" />
  <Object
    Path="C:\projects\AutomatedPongGame\Logical\Libraries\operator\operator.fun"
    LogicalPath="Libraries.operator.operator.fun"
    Type="File"
    LastWriteTime="134094034660000000"
    Private="false" />
  <Object
    Path="C:\projects\AutomatedPongGame\Logical\Libraries\operator\operator.typ"
    LogicalPath="Libraries.operator.operator.typ"
    Type="File"
    LastWriteTime="134094034660000000"
    Private="false" />
  <Object
    Path="C:\projects\AutomatedPongGame\Logical\Libraries\operator\operator.var"
    LogicalPath="Libraries.operator.operator.var"
    Type="File"
    LastWriteTime="134094034660000000"
    Private="false" />
  <Object
    Path="C:\projects\AutomatedPongGame\Logical\Libraries\runtime\binary.lby"
    LogicalPath="Libraries.runtime"
    Type="Library"
    LastWriteTime="134094034660000000" />
  <Object
    Path="C:\projects\AutomatedPongGame\Logical\Libraries\runtime\runtime.fun"
    LogicalPath="Libraries.runtime.runtime.fun"
    Type="File"
    LastWriteTime="134094034660000000"
    Private="false" />
  <Object
    Path="C:\projects\AutomatedPongGame\Logical\Libraries\runtime\runtime.typ"
    LogicalPath="Libraries.runtime.runtime.typ"
    Type="File"
    LastWriteTime="134094034660000000"
    Private="false" />
  <Object
    Path="C:\projects\AutomatedPongGame\Logical\Libraries\runtime\runtime.var"
    LogicalPath="Libraries.runtime.runtime.var"
    Type="File"
    LastWriteTime="134094034660000000"
    Private="false" />
  <Object
    Path="C:\projects\AutomatedPongGame\Logical\Libraries\astime\binary.lby"
    LogicalPath="Libraries.astime"
    Type="Library"
    LastWriteTime="134094034660000000" />
  <Object
    Path="C:\projects\AutomatedPongGame\Logical\Libraries\astime\astime.fun"
    LogicalPath="Libraries.astime.astime.fun"
    Type="File"
    LastWriteTime="134094034660000000"
    Private="false" />
  <Object
    Path="C:\projects\AutomatedPongGame\Logical\Libraries\astime\astime.typ"
    LogicalPath="Libraries.astime.astime.typ"
    Type="File"
    LastWriteTime="134094034660000000"
    Private="false" />
  <Object
    Path="C:\projects\AutomatedPongGame\Logical\Libraries\astime\astime.var"
    LogicalPath="Libraries.astime.astime.var"
    Type="File"
    LastWriteTime="134094034660000000"
    Private="false" />
  <Object
    Path="C:\projects\AutomatedPongGame\Logical\Libraries\AsIecCon\binary.lby"
    LogicalPath="Libraries.AsIecCon"
    Type="Library"
    LastWriteTime="134094034660000000" />
  <Object
    Path="C:\projects\AutomatedPongGame\Logical\Libraries\AsIecCon\AsIecCon.fun"
    LogicalPath="Libraries.AsIecCon.AsIecCon.fun"
    Type="File"
    LastWriteTime="134094034660000000"
    Private="false" />
  <Object
    Path="C:\projects\AutomatedPongGame\Logical\Libraries\AsIecCon\AsIecCon.typ"
    LogicalPath="Libraries.AsIecCon.AsIecCon.typ"
    Type="File"
    LastWriteTime="134094034660000000"
    Private="false" />
  <Object
    Path="C:\projects\AutomatedPongGame\Logical\Libraries\AsIecCon\AsIecCon.var"
    LogicalPath="Libraries.AsIecCon.AsIecCon.var"
    Type="File"
    LastWriteTime="134094034660000000"
    Private="false" />
  <Object
    Path="C:\projects\AutomatedPongGame\Logical\Libraries\standard\binary.lby"
    LogicalPath="Libraries.standard"
    Type="Library"
    LastWriteTime="134094034660000000" />
  <Object
    Path="C:\projects\AutomatedPongGame\Logical\Libraries\standard\standard.fun"
    LogicalPath="Libraries.standard.standard.fun"
    Type="File"
    LastWriteTime="134094034660000000"
    Private="false" />
  <Object
    Path="C:\projects\AutomatedPongGame\Logical\Libraries\standard\standard.typ"
    LogicalPath="Libraries.standard.standard.typ"
    Type="File"
    LastWriteTime="134094034660000000"
    Private="false" />
  <Object
    Path="C:\projects\AutomatedPongGame\Logical\Libraries\standard\standard.var"
    LogicalPath="Libraries.standard.standard.var"
    Type="File"
    LastWriteTime="134094034660000000"
    Private="false" />
  <Object
    Path="C:\projects\AutomatedPongGame\Logical\Libraries\sys_lib\binary.lby"
    LogicalPath="Libraries.sys_lib"
    Type="Library"
    LastWriteTime="134094034660000000" />
  <Object
    Path="C:\projects\AutomatedPongGame\Logical\Libraries\sys_lib\sys_lib.fun"
    LogicalPath="Libraries.sys_lib.sys_lib.fun"
    Type="File"
    LastWriteTime="134094034660000000"
    Private="false" />
  <Object
    Path="C:\projects\AutomatedPongGame\Logical\Libraries\sys_lib\sys_lib.typ"
    LogicalPath="Libraries.sys_lib.sys_lib.typ"
    Type="File"
    LastWriteTime="134094034660000000"
    Private="false" />
  <Object
    Path="C:\projects\AutomatedPongGame\Logical\Libraries\sys_lib\sys_lib.var"
    LogicalPath="Libraries.sys_lib.sys_lib.var"
    Type="File"
    LastWriteTime="134094034660000000"
    Private="false" />
  <Object
    Path="C:\projects\AutomatedPongGame\Logical\Libraries\brsystem\binary.lby"
    LogicalPath="Libraries.brsystem"
    Type="Library"
    LastWriteTime="134094034660000000" />
  <Object
    Path="C:\projects\AutomatedPongGame\Logical\Libraries\brsystem\brsystem.fun"
    LogicalPath="Libraries.brsystem.brsystem.fun"
    Type="File"
    LastWriteTime="134094034660000000"
    Private="false" />
  <Object
    Path="C:\projects\AutomatedPongGame\Logical\Libraries\brsystem\brsystem.typ"
    LogicalPath="Libraries.brsystem.brsystem.typ"
    Type="File"
    LastWriteTime="134094034660000000"
    Private="false" />
  <Object
    Path="C:\projects\AutomatedPongGame\Logical\Libraries\brsystem\brsystem.var"
    LogicalPath="Libraries.brsystem.brsystem.var"
    Type="File"
    LastWriteTime="134094034660000000"
    Private="false" />
  <Object
    Path="C:\projects\AutomatedPongGame\Logical\Libraries\AsBrStr\binary.lby"
    LogicalPath="Libraries.AsBrStr"
    Type="Library"
    LastWriteTime="134094034660000000" />
  <Object
    Path="C:\projects\AutomatedPongGame\Logical\Libraries\AsBrStr\AsBrStr.fun"
    LogicalPath="Libraries.AsBrStr.AsBrStr.fun"
    Type="File"
    LastWriteTime="134094034660000000"
    Private="false" />
  <Object
    Path="C:\projects\AutomatedPongGame\Logical\Libraries\AsBrStr\AsBrStr.typ"
    LogicalPath="Libraries.AsBrStr.AsBrStr.typ"
    Type="File"
    LastWriteTime="134094034660000000"
    Private="false" />
  <Object
    Path="C:\projects\AutomatedPongGame\Logical\Libraries\AsBrStr\AsBrStr.var"
    LogicalPath="Libraries.AsBrStr.AsBrStr.var"
    Type="File"
    LastWriteTime="134094034660000000"
    Private="false" />
  <Object
    Path="C:\projects\AutomatedPongGame\Logical\Libraries\Acp10man\Binary.lby"
    LogicalPath="Libraries.Acp10man"
    Type="Library"
    LastWriteTime="134175391635654353" />
  <Object
    Path="C:\projects\AutomatedPongGame\Logical\Libraries\Acp10man\Acp10man.typ"
    LogicalPath="Libraries.Acp10man.Acp10man.typ"
    Type="File"
    LastWriteTime="134175391635654353"
    Private="false" />
  <Object
    Path="C:\projects\AutomatedPongGame\Logical\Libraries\Acp10par\Binary.lby"
    LogicalPath="Libraries.Acp10par"
    Type="Library"
    LastWriteTime="134175391636236121" />
  <Object
    Path="C:\projects\AutomatedPongGame\Logical\Libraries\Acp10par\Acp10par.var"
    LogicalPath="Libraries.Acp10par.Acp10par.var"
    Type="File"
    LastWriteTime="134175391636236121"
    Private="false" />
  <Object
    Path="C:\projects\AutomatedPongGame\Logical\Libraries\NcGlobal\Binary.lby"
    LogicalPath="Libraries.NcGlobal"
    Type="Library"
    LastWriteTime="134175391636476038" />
  <Object
    Path="C:\projects\AutomatedPongGame\Logical\Libraries\NcGlobal\NcGlobal.fun"
    LogicalPath="Libraries.NcGlobal.NcGlobal.fun"
    Type="File"
    LastWriteTime="134175391636435752"
    Private="false" />
  <Object
    Path="C:\projects\AutomatedPongGame\Logical\Libraries\NcGlobal\NcGlobal.typ"
    LogicalPath="Libraries.NcGlobal.NcGlobal.typ"
    Type="File"
    LastWriteTime="134175391636455891"
    Private="false" />
  <Object
    Path="C:\projects\AutomatedPongGame\Logical\Libraries\NcGlobal\NcGlobal.var"
    LogicalPath="Libraries.NcGlobal.NcGlobal.var"
    Type="File"
    LastWriteTime="134175391636476038"
    Private="false" />
  <Object
    Path="C:\projects\AutomatedPongGame\Logical\Libraries\Acp10sdc\binary.lby"
    LogicalPath="Libraries.Acp10sdc"
    Type="Library"
    LastWriteTime="134175394328561074" />
  <Object
    Path="C:\projects\AutomatedPongGame\Logical\Libraries\Acp10sdc\acp10sdc.var"
    LogicalPath="Libraries.Acp10sdc.acp10sdc.var"
    Type="File"
    LastWriteTime="134175394328540976"
    Private="false" />
  <Object
    Path="C:\projects\AutomatedPongGame\Logical\Libraries\Acp10sdc\acp10sdc.typ"
    LogicalPath="Libraries.Acp10sdc.acp10sdc.typ"
    Type="File"
    LastWriteTime="134175394328561074"
    Private="false" />
  <Object
    Path="C:\projects\AutomatedPongGame\Logical\Libraries\Acp10_MC\binary.lby"
    LogicalPath="Libraries.Acp10_MC"
    Type="Library"
    LastWriteTime="134175394334039025" />
  <Object
    Path="C:\projects\AutomatedPongGame\Logical\Libraries\Acp10_MC\acp10_mc.fun"
    LogicalPath="Libraries.Acp10_MC.acp10_mc.fun"
    Type="File"
    LastWriteTime="134175394334032015"
    Private="false" />
  <Object
    Path="C:\projects\AutomatedPongGame\Logical\Libraries\Acp10_MC\acp10_mc.typ"
    LogicalPath="Libraries.Acp10_MC.acp10_mc.typ"
    Type="File"
    LastWriteTime="134175394334039025"
    Private="false" />
  <Object
    Path="C:\projects\AutomatedPongGame\Logical\Libraries\Acp10_MC\acp10_mc.var"
    LogicalPath="Libraries.Acp10_MC.acp10_mc.var"
    Type="File"
    LastWriteTime="134175394334039025"
    Private="false" />
  <Object
    Path="C:\projects\AutomatedPongGame\Logical\Libraries\Library\ANSIC.lby"
    LogicalPath="Libraries.Library"
    Type="Library"
    LastWriteTime="134181483989785096" />
  <Object
    Path="C:\projects\AutomatedPongGame\Logical\Libraries\Library\Types.typ"
    LogicalPath="Libraries.Library.Types.typ"
    Type="File"
    LastWriteTime="134181469527615469"
    Private="false" />
  <Object
    Path="C:\projects\AutomatedPongGame\Logical\Libraries\Library\Variables.var"
    LogicalPath="Libraries.Library.Variables.var"
    Type="File"
    LastWriteTime="134187508135428377"
    Private="false" />
  <Object
    Path="C:\projects\AutomatedPongGame\Logical\Libraries\Library\Library.fun"
    LogicalPath="Libraries.Library.Library.fun"
    Type="File"
    LastWriteTime="134187520988238013"
    Private="false" />
  <Object
    Path="C:\projects\AutomatedPongGame\Logical\Libraries\Library\ActPositionToMM.c"
    LogicalPath="Libraries.Library.ActPositionToMM.c"
    Type="File"
    LastWriteTime="134187521914672589"
    Private="false" />
  <Object
    Path="C:\projects\AutomatedPongGame\Logical\Timer_CPP\Package.pkg"
    LogicalPath="Timer_CPP"
    Type="Package"
    LastWriteTime="134159900147984237" />
  <Object
    Path="C:\projects\AutomatedPongGame\Logical\Timer_CPP\Timer\ANSIC.lby"
    LogicalPath="Timer_CPP.Timer"
    Type="Library"
    LastWriteTime="134159785262149933" />
  <Object
    Path="C:\projects\AutomatedPongGame\Logical\Timer_CPP\Timer\Timer.hpp"
    LogicalPath="Timer_CPP.Timer.Timer.hpp"
    Type="File"
    LastWriteTime="134159785261993515"
    Private="false" />
  <Object
    Path="C:\projects\AutomatedPongGame\Logical\Timer_CPP\Timer\ITimer.hpp"
    LogicalPath="Timer_CPP.Timer.ITimer.hpp"
    Type="File"
    LastWriteTime="134159785261993515"
    Private="false" />
  <Object
    Path="C:\projects\AutomatedPongGame\Logical\Timer_CPP\Timer\IECTonTimer.hpp"
    LogicalPath="Timer_CPP.Timer.IECTonTimer.hpp"
    Type="File"
    LastWriteTime="134159785261993515"
    Private="false" />
  <Object
    Path="C:\projects\AutomatedPongGame\Logical\Timer_CPP\Timer\IECTonTimer.cpp"
    LogicalPath="Timer_CPP.Timer.IECTonTimer.cpp"
    Type="File"
    LastWriteTime="134159785262149933"
    Private="false" />
  <Object
    Path="C:\projects\AutomatedPongGame\Logical\Timer_CPP\Timer\IECTofTimer.hpp"
    LogicalPath="Timer_CPP.Timer.IECTofTimer.hpp"
    Type="File"
    LastWriteTime="134159785262149933"
    Private="false" />
  <Object
    Path="C:\projects\AutomatedPongGame\Logical\Timer_CPP\Timer\IECTofTimer.cpp"
    LogicalPath="Timer_CPP.Timer.IECTofTimer.cpp"
    Type="File"
    LastWriteTime="134159785262149933"
    Private="false" />
  <Object
    Path="C:\projects\AutomatedPongGame\Logical\Timer_CPP\Timer\IECTpTimer.hpp"
    LogicalPath="Timer_CPP.Timer.IECTpTimer.hpp"
    Type="File"
    LastWriteTime="134159785262149933"
    Private="false" />
  <Object
    Path="C:\projects\AutomatedPongGame\Logical\Timer_CPP\Timer\IECTpTimer.cpp"
    LogicalPath="Timer_CPP.Timer.IECTpTimer.cpp"
    Type="File"
    LastWriteTime="134159785262149933"
    Private="false" />
  <Object
    Path="C:\projects\AutomatedPongGame\Logical\Timer_CPP\Timer\IECTimerFactory.hpp"
    LogicalPath="Timer_CPP.Timer.IECTimerFactory.hpp"
    Type="File"
    LastWriteTime="134159785262149933"
    Private="false" />
  <Object
    Path="C:\projects\AutomatedPongGame\Logical\Timer_CPP\Timer\IECTimerFactory.cpp"
    LogicalPath="Timer_CPP.Timer.IECTimerFactory.cpp"
    Type="File"
    LastWriteTime="134159785262149933"
    Private="false" />
  <Object
    Path="C:\projects\AutomatedPongGame\Logical\Timer_CPP\TonTimer\ANSIC.prg"
    LogicalPath="Timer_CPP.TonTimer"
    Type="Program"
    LastWriteTime="134159836835133894" />
  <Object
    Path="C:\projects\AutomatedPongGame\Logical\Timer_CPP\TonTimer\TonTimer.cpp"
    LogicalPath="Timer_CPP.TonTimer.TonTimer.cpp"
    Type="File"
    LastWriteTime="134175270333901686"
    Private="false" />
  <Object
    Path="C:\projects\AutomatedPongGame\Logical\Timer_CPP\TonTimer\TonTimer.var"
    LogicalPath="Timer_CPP.TonTimer.TonTimer.var"
    Type="File"
    LastWriteTime="134166759076368889"
    Private="true" />
  <Object
    Path="C:\projects\AutomatedPongGame\Logical\mappView\Package.pkg"
    LogicalPath="mappView"
    Type="Package"
    LastWriteTime="134159798632668426" />
  <Object
    Path="C:\projects\AutomatedPongGame\Logical\mappView\Layouts\Package.pkg"
    LogicalPath="mappView.Layouts"
    Type="Package"
    LastWriteTime="134159798463255236" />
  <Object
    Path="C:\projects\AutomatedPongGame\Logical\mappView\Widgets\Package.pkg"
    LogicalPath="mappView.Widgets"
    Type="Package"
    LastWriteTime="134159798463255236" />
  <Object
    Path="C:\projects\AutomatedPongGame\Logical\mappView\Resources\Package.pkg"
    LogicalPath="mappView.Resources"
    Type="Package"
    LastWriteTime="134160580450465886" />
  <Object
    Path="C:\projects\AutomatedPongGame\Logical\mappView\Resources\Texts\Package.pkg"
    LogicalPath="mappView.Resources.Texts"
    Type="Package"
    LastWriteTime="134159798463336401" />
  <Object
    Path="C:\projects\AutomatedPongGame\Logical\mappView\Resources\Snippets\Package.pkg"
    LogicalPath="mappView.Resources.Snippets"
    Type="Package"
    LastWriteTime="134159798463336401" />
  <Object
    Path="C:\projects\AutomatedPongGame\Logical\mappView\Resources\Themes\Package.pkg"
    LogicalPath="mappView.Resources.Themes"
    Type="Package"
    LastWriteTime="134163316191370613" />
  <Object
    Path="C:\projects\AutomatedPongGame\Logical\mappView\Resources\Themes\BuRThemeMobileGray\Package.pkg"
    LogicalPath="mappView.Resources.Themes.BuRThemeMobileGray"
    Type="Package"
    LastWriteTime="134163316191210935" />
  <Object
    Path="C:\projects\AutomatedPongGame\Logical\mappView\Resources\Themes\BuRThemeMobileGray\BuRThemeMobileGray.theme"
    LogicalPath="mappView.Resources.Themes.BuRThemeMobileGray.BuRThemeMobileGray.theme"
    Type="File"
    LastWriteTime="134163316191123558"
    Private="false" />
  <Object
    Path="C:\projects\AutomatedPongGame\Logical\mappView\Resources\Themes\BuRThemeMobileGray\brease\Package.pkg"
    LogicalPath="mappView.Resources.Themes.BuRThemeMobileGray.brease"
    Type="Package"
    LastWriteTime="134163974435905065" />
  <Object
    Path="C:\projects\AutomatedPongGame\Logical\mappView\Resources\Themes\BuRThemeMobileGray\brease\BuRThemeMobileGray.stylesset"
    LogicalPath="mappView.Resources.Themes.BuRThemeMobileGray.brease.BuRThemeMobileGray.stylesset"
    Type="File"
    LastWriteTime="134163976184306907"
    Private="false" />
  <Object
    Path="C:\projects\AutomatedPongGame\Logical\mappView\Resources\Themes\BuRThemeMobileGray\brease\Default.styles"
    LogicalPath="mappView.Resources.Themes.BuRThemeMobileGray.brease.Default.styles"
    Type="File"
    LastWriteTime="134163316191166107"
    Private="false" />
  <Object
    Path="C:\projects\AutomatedPongGame\Logical\mappView\Resources\Themes\BuRThemeMobileGray\brease\System.styles"
    LogicalPath="mappView.Resources.Themes.BuRThemeMobileGray.brease.System.styles"
    Type="File"
    LastWriteTime="134163316191210935"
    Private="false" />
  <Object
    Path="C:\projects\AutomatedPongGame\Logical\mappView\Resources\Themes\BuRThemeMobileGray\brease\Buttons.styles"
    LogicalPath="mappView.Resources.Themes.BuRThemeMobileGray.brease.Buttons.styles"
    Type="File"
    LastWriteTime="134163316191210935"
    Private="false" />
  <Object
    Path="C:\projects\AutomatedPongGame\Logical\mappView\Resources\Themes\BuRThemeMobileGray\brease\Common.styles"
    LogicalPath="mappView.Resources.Themes.BuRThemeMobileGray.brease.Common.styles"
    Type="File"
    LastWriteTime="134163316191210935"
    Private="false" />
  <Object
    Path="C:\projects\AutomatedPongGame\Logical\mappView\Resources\Themes\BuRThemeMobileGray\brease\Container.styles"
    LogicalPath="mappView.Resources.Themes.BuRThemeMobileGray.brease.Container.styles"
    Type="File"
    LastWriteTime="134163316191210935"
    Private="false" />
  <Object
    Path="C:\projects\AutomatedPongGame\Logical\mappView\Resources\Themes\BuRThemeMobileGray\brease\Numeric.styles"
    LogicalPath="mappView.Resources.Themes.BuRThemeMobileGray.brease.Numeric.styles"
    Type="File"
    LastWriteTime="134163316191210935"
    Private="false" />
  <Object
    Path="C:\projects\AutomatedPongGame\Logical\mappView\Resources\Themes\BuRThemeMobileGray\brease\LabelTexts.styles"
    LogicalPath="mappView.Resources.Themes.BuRThemeMobileGray.brease.LabelTexts.styles"
    Type="File"
    LastWriteTime="134163316191210935"
    Private="false" />
  <Object
    Path="C:\projects\AutomatedPongGame\Logical\mappView\Resources\Themes\BuRThemeMobileGray\brease\Graphic.styles"
    LogicalPath="mappView.Resources.Themes.BuRThemeMobileGray.brease.Graphic.styles"
    Type="File"
    LastWriteTime="134163316191210935"
    Private="false" />
  <Object
    Path="C:\projects\AutomatedPongGame\Logical\mappView\Resources\Themes\BuRThemeMobileGray\brease\Charts.styles"
    LogicalPath="mappView.Resources.Themes.BuRThemeMobileGray.brease.Charts.styles"
    Type="File"
    LastWriteTime="134163316191210935"
    Private="false" />
  <Object
    Path="C:\projects\AutomatedPongGame\Logical\mappView\Resources\Themes\BuRThemeMobileGray\brease\Sequencer.styles"
    LogicalPath="mappView.Resources.Themes.BuRThemeMobileGray.brease.Sequencer.styles"
    Type="File"
    LastWriteTime="134163316191210935"
    Private="false" />
  <Object
    Path="C:\projects\AutomatedPongGame\Logical\mappView\Resources\Themes\BuRThemeMobileGray\brease\Lists.styles"
    LogicalPath="mappView.Resources.Themes.BuRThemeMobileGray.brease.Lists.styles"
    Type="File"
    LastWriteTime="134163316191210935"
    Private="false" />
  <Object
    Path="C:\projects\AutomatedPongGame\Logical\mappView\Resources\Themes\BuRThemeMobileGray\brease\UserDefined.styles"
    LogicalPath="mappView.Resources.Themes.BuRThemeMobileGray.brease.UserDefined.styles"
    Type="File"
    LastWriteTime="134163983964165342"
    Private="false" />
  <Object
    Path="C:\projects\AutomatedPongGame\Logical\mappView\Resources\Media\Package.pkg"
    LogicalPath="mappView.Resources.Media"
    Type="Package"
    LastWriteTime="134159798463380807" />
  <Object
    Path="C:\projects\AutomatedPongGame\Logical\mappView\Resources\UnitTexts.tmx"
    LogicalPath="mappView.Resources.UnitTexts.tmx"
    Type="File"
    LastWriteTime="134160584475425983"
    Private="false" />
  <Object
    Path="C:\projects\AutomatedPongGame\Logical\mappView\Visualization\Package.pkg"
    LogicalPath="mappView.Visualization"
    Type="Package"
    LastWriteTime="134159798632668426" />
  <Object
    Path="C:\projects\AutomatedPongGame\Logical\mappView\Visualization\Pages\Package.pkg"
    LogicalPath="mappView.Visualization.Pages"
    Type="Package"
    LastWriteTime="134159807345483034" />
  <Object
    Path="C:\projects\AutomatedPongGame\Logical\mappView\Visualization\Pages\AreaContents\Package.pkg"
    LogicalPath="mappView.Visualization.Pages.AreaContents"
    Type="Package"
    LastWriteTime="134159802168270085" />
  <Object
    Path="C:\projects\AutomatedPongGame\Logical\mappView\Visualization\Pages\AreaContents\top.content"
    LogicalPath="mappView.Visualization.Pages.AreaContents.top.content"
    Type="File"
    LastWriteTime="134163319607181637"
    Private="false" />
  <Object
    Path="C:\projects\AutomatedPongGame\Logical\mappView\Visualization\Pages\main\Package.pkg"
    LogicalPath="mappView.Visualization.Pages.main"
    Type="Package"
    LastWriteTime="134159809783494540" />
  <Object
    Path="C:\projects\AutomatedPongGame\Logical\mappView\Visualization\Pages\main\main.page"
    LogicalPath="mappView.Visualization.Pages.main.main.page"
    Type="File"
    LastWriteTime="134159827679194077"
    Private="false" />
  <Object
    Path="C:\projects\AutomatedPongGame\Logical\mappView\Visualization\Pages\main\main.content"
    LogicalPath="mappView.Visualization.Pages.main.main.content"
    Type="File"
    LastWriteTime="134166757836428764"
    Private="false" />
  <Object
    Path="C:\projects\AutomatedPongGame\Logical\mappView\Visualization\Variables\Package.pkg"
    LogicalPath="mappView.Visualization.Variables"
    Type="Package"
    LastWriteTime="134163323623295881" />
  <Object
    Path="C:\projects\AutomatedPongGame\Logical\mappView\Visualization\Variables\sessionvar.svar"
    LogicalPath="mappView.Visualization.Variables.sessionvar.svar"
    Type="File"
    LastWriteTime="134163995923006578"
    Private="false" />
  <Object
    Path="C:\projects\AutomatedPongGame\Logical\mappView\Visualization\Expressions\Package.pkg"
    LogicalPath="mappView.Visualization.Expressions"
    Type="Package"
    LastWriteTime="134159798632487819" />
  <Object
    Path="C:\projects\AutomatedPongGame\Logical\mappView\Visualization\Layouts\Package.pkg"
    LogicalPath="mappView.Visualization.Layouts"
    Type="Package"
    LastWriteTime="134159799815602923" />
  <Object
    Path="C:\projects\AutomatedPongGame\Logical\mappView\Visualization\Layouts\Layout.layout"
    LogicalPath="mappView.Visualization.Layouts.Layout.layout"
    Type="File"
    LastWriteTime="134163320930293036"
    Private="false" />
  <Object
    Path="C:\projects\AutomatedPongGame\Logical\mappView\Visualization\Dialogs\Package.pkg"
    LogicalPath="mappView.Visualization.Dialogs"
    Type="Package"
    LastWriteTime="134159798632578060" />
  <Object
    Path="C:\projects\AutomatedPongGame\Logical\mappView\Visualization\Dialogs\AreaContents\Package.pkg"
    LogicalPath="mappView.Visualization.Dialogs.AreaContents"
    Type="Package"
    LastWriteTime="134159798632578060" />
  <Object
    Path="C:\projects\AutomatedPongGame\Logical\mappView\Visualization\Resources\Package.pkg"
    LogicalPath="mappView.Visualization.Resources"
    Type="Package"
    LastWriteTime="134159798632668426" />
  <Object
    Path="C:\projects\AutomatedPongGame\Logical\mappView\Visualization\Resources\Texts\Package.pkg"
    LogicalPath="mappView.Visualization.Resources.Texts"
    Type="Package"
    LastWriteTime="134159798632668426" />
  <Object
    Path="C:\projects\AutomatedPongGame\Logical\mappView\Visualization\Resources\Snippets\Package.pkg"
    LogicalPath="mappView.Visualization.Resources.Snippets"
    Type="Package"
    LastWriteTime="134159798632668426" />
  <Object
    Path="C:\projects\AutomatedPongGame\Logical\Motion\ANSIC.prg"
    LogicalPath="Motion"
    Type="Program"
    LastWriteTime="134175321185679326" />
  <Object
    Path="C:\projects\AutomatedPongGame\Logical\Motion\Cyclic.cpp"
    LogicalPath="Motion.Cyclic.cpp"
    Type="File"
    LastWriteTime="134187562524853791"
    Private="false" />
  <Object
    Path="C:\projects\AutomatedPongGame\Logical\Motion\Init.cpp"
    LogicalPath="Motion.Init.cpp"
    Type="File"
    LastWriteTime="134187535550935068"
    Private="false" />
  <Object
    Path="C:\projects\AutomatedPongGame\Logical\Motion\Exit.cpp"
    LogicalPath="Motion.Exit.cpp"
    Type="File"
    LastWriteTime="134175321185578501"
    Private="false" />
  <Object
    Path="C:\projects\AutomatedPongGame\Logical\Motion\Types.typ"
    LogicalPath="Motion.Types.typ"
    Type="File"
    LastWriteTime="134187530621850001"
    Private="true" />
  <Object
    Path="C:\projects\AutomatedPongGame\Logical\Motion\Variables.var"
    LogicalPath="Motion.Variables.var"
    Type="File"
    LastWriteTime="134187531028255407"
    Private="true" />
  <Object
    Path="C:\projects\AutomatedPongGame\Logical\acp10etxen\Ett.dob"
    LogicalPath="acp10etxen"
    Type="DataObject"
    LastWriteTime="134175404794906827" />
  <Object
    Path="C:\projects\AutomatedPongGame\Logical\acp10etxen\acp10etxen.ett"
    LogicalPath="acp10etxen.acp10etxen.ett"
    Type="File"
    LastWriteTime="134175404795653811"
    Private="false" />
  <Object
    Path="C:\projects\AutomatedPongGame\Logical\gAxis01obj\Package.pkg"
    LogicalPath="gAxis01obj"
    Type="Package"
    LastWriteTime="134175446393425024" />
  <Object
    Path="C:\projects\AutomatedPongGame\Logical\gAxis01obj\gAxis01Basic\ANSIC.prg"
    LogicalPath="gAxis01obj.gAxis01Basic"
    Type="Program"
    LastWriteTime="134176261155428863" />
  <Object
    Path="C:\projects\AutomatedPongGame\Logical\gAxis01obj\gAxis01Basic\basic.typ"
    LogicalPath="gAxis01obj.gAxis01Basic.basic.typ"
    Type="File"
    LastWriteTime="134181495133003532"
    Private="true" />
  <Object
    Path="C:\projects\AutomatedPongGame\Logical\gAxis01obj\gAxis01Basic\basic.var"
    LogicalPath="gAxis01obj.gAxis01Basic.basic.var"
    Type="File"
    LastWriteTime="134187369218033557"
    Private="true" />
  <Object
    Path="C:\projects\AutomatedPongGame\Logical\gAxis01obj\gAxis01Basic\Init.cpp"
    LogicalPath="gAxis01obj.gAxis01Basic.Init.cpp"
    Type="File"
    LastWriteTime="134176276485068183"
    Private="false" />
  <Object
    Path="C:\projects\AutomatedPongGame\Logical\gAxis01obj\gAxis01Basic\Cyclic.cpp"
    LogicalPath="gAxis01obj.gAxis01Basic.Cyclic.cpp"
    Type="File"
    LastWriteTime="134187369399541967"
    Private="false" />
  <Object
    Path="C:\projects\AutomatedPongGame\Logical\gAxis01obj\gAxis01a\Apt.dob"
    LogicalPath="gAxis01obj.gAxis01a"
    Type="DataObject"
    LastWriteTime="134175404802223306" />
  <Object
    Path="C:\projects\AutomatedPongGame\Logical\gAxis01obj\gAxis01a\gAxis01a.apt"
    LogicalPath="gAxis01obj.gAxis01a.gAxis01a.apt"
    Type="File"
    LastWriteTime="134175404802501067"
    Private="false" />
  <Object
    Path="C:\projects\AutomatedPongGame\Logical\gAxis01obj\gAxis01i\Ax.dob"
    LogicalPath="gAxis01obj.gAxis01i"
    Type="DataObject"
    LastWriteTime="134175404803168423" />
  <Object
    Path="C:\projects\AutomatedPongGame\Logical\gAxis01obj\gAxis01i\gAxis01i.ax"
    LogicalPath="gAxis01obj.gAxis01i.gAxis01i.ax"
    Type="File"
    LastWriteTime="134176062186218477"
    Private="false" />
  <Object
    Path="C:\projects\AutomatedPongGame\Logical\gAxis02obj\Package.pkg"
    LogicalPath="gAxis02obj"
    Type="Package"
    LastWriteTime="134176216155363767" />
  <Object
    Path="C:\projects\AutomatedPongGame\Logical\gAxis02obj\gAxis02a\Apt.dob"
    LogicalPath="gAxis02obj.gAxis02a"
    Type="DataObject"
    LastWriteTime="134175404805707538" />
  <Object
    Path="C:\projects\AutomatedPongGame\Logical\gAxis02obj\gAxis02a\gAxis02a.apt"
    LogicalPath="gAxis02obj.gAxis02a.gAxis02a.apt"
    Type="File"
    LastWriteTime="134175404805888939"
    Private="false" />
  <Object
    Path="C:\projects\AutomatedPongGame\Logical\gAxis02obj\gAxis02i\Ax.dob"
    LogicalPath="gAxis02obj.gAxis02i"
    Type="DataObject"
    LastWriteTime="134175404806388799" />
  <Object
    Path="C:\projects\AutomatedPongGame\Logical\gAxis02obj\gAxis02i\gAxis02i.ax"
    LogicalPath="gAxis02obj.gAxis02i.gAxis02i.ax"
    Type="File"
    LastWriteTime="134176234478707978"
    Private="false" />
  <Object
    Path="C:\projects\AutomatedPongGame\Logical\gAxis02obj\gAxis02Basic\ANSIC.prg"
    LogicalPath="gAxis02obj.gAxis02Basic"
    Type="Program"
    LastWriteTime="134176216093014369" />
  <Object
    Path="C:\projects\AutomatedPongGame\Logical\gAxis02obj\gAxis02Basic\basic.typ"
    LogicalPath="gAxis02obj.gAxis02Basic.basic.typ"
    Type="File"
    LastWriteTime="134176299669062105"
    Private="true" />
  <Object
    Path="C:\projects\AutomatedPongGame\Logical\gAxis02obj\gAxis02Basic\basic.var"
    LogicalPath="gAxis02obj.gAxis02Basic.basic.var"
    Type="File"
    LastWriteTime="134187369583822255"
    Private="true" />
  <Object
    Path="C:\projects\AutomatedPongGame\Logical\gAxis02obj\gAxis02Basic\Init.cpp"
    LogicalPath="gAxis02obj.gAxis02Basic.Init.cpp"
    Type="File"
    LastWriteTime="134176216524565944"
    Private="false" />
  <Object
    Path="C:\projects\AutomatedPongGame\Logical\gAxis02obj\gAxis02Basic\Cyclic.cpp"
    LogicalPath="gAxis02obj.gAxis02Basic.Cyclic.cpp"
    Type="File"
    LastWriteTime="134187369481385667"
    Private="false" />
  <Object
    Path="C:\projects\AutomatedPongGame\Logical\Visu\Vc.dob"
    LogicalPath="Visu"
    Type="DataObject"
    LastWriteTime="134176063546612847" />
  <Object
    Path="C:\projects\AutomatedPongGame\Logical\Visu\VCObject.vc"
    LogicalPath="Visu.VCObject.vc"
    Type="File"
    LastWriteTime="134176063546612847"
    Private="false" />
  <Object
    Path="C:\projects\AutomatedPongGame\Physical\Config1\Config.pkg"
    LogicalPath="Config1"
    Type="Configuration.ParentUnknown"
    LastWriteTime="134159720299338768" />
  <Object
    Path="C:\projects\AutomatedPongGame\Physical\Config1\Hardware.hw"
    LogicalPath="Config1.Hardware.hw"
    Type="File"
    LastWriteTime="134187478997931790"
    Private="false" />
  <Object
    Path="C:\projects\AutomatedPongGame\Physical\Config1\Hardware.hwl"
    LogicalPath="Config1.Hardware.hwl"
    Type="File"
    LastWriteTime="134183998688178826"
    Private="false" />
  <Object
    Path="C:\projects\AutomatedPongGame\Physical\Config1\4PPC70_0573_20B\Cpu.pkg"
    LogicalPath="Config1.4PPC70_0573_20B"
    Type="Cpu"
    LastWriteTime="134187562929492617" />
  <Object
    Path="C:\projects\AutomatedPongGame\Physical\Config1\4PPC70_0573_20B\Cpu.sw"
    LogicalPath="Config1.4PPC70_0573_20B.Cpu.sw"
    Type="File"
    LastWriteTime="134187563706351562"
    Private="false" />
  <Object
    Path="C:\projects\AutomatedPongGame\Physical\Config1\4PPC70_0573_20B\Cpu.per"
    LogicalPath="Config1.4PPC70_0573_20B.Cpu.per"
    Type="File"
    LastWriteTime="134159720276437214"
    Private="false" />
  <Object
    Path="C:\projects\AutomatedPongGame\Physical\Config1\4PPC70_0573_20B\IoMap.iom"
    LogicalPath="Config1.4PPC70_0573_20B.IoMap.iom"
    Type="File"
    LastWriteTime="134187554623146967"
    Private="false" />
  <Object
    Path="C:\projects\AutomatedPongGame\Physical\Config1\4PPC70_0573_20B\PvMap.vvm"
    LogicalPath="Config1.4PPC70_0573_20B.PvMap.vvm"
    Type="File"
    LastWriteTime="134159720276437214"
    Private="false" />
  <Object
    Path="C:\projects\AutomatedPongGame\Physical\Config1\4PPC70_0573_20B\Connectivity\Package.pkg"
    LogicalPath="Config1.4PPC70_0573_20B.Connectivity"
    Type="Package"
    LastWriteTime="134159720276594465" />
  <Object
    Path="C:\projects\AutomatedPongGame\Physical\Config1\4PPC70_0573_20B\Connectivity\OpcUA\Package.pkg"
    LogicalPath="Config1.4PPC70_0573_20B.Connectivity.OpcUA"
    Type="Package"
    LastWriteTime="134159794513016459" />
  <Object
    Path="C:\projects\AutomatedPongGame\Physical\Config1\4PPC70_0573_20B\Connectivity\OpcUA\OpcUaMap.uad"
    LogicalPath="Config1.4PPC70_0573_20B.Connectivity.OpcUA.OpcUaMap.uad"
    Type="File"
    LastWriteTime="134166759869497647"
    Private="false" />
  <Object
    Path="C:\projects\AutomatedPongGame\Physical\Config1\4PPC70_0573_20B\Connectivity\OpcUaFx\Package.pkg"
    LogicalPath="Config1.4PPC70_0573_20B.Connectivity.OpcUaFx"
    Type="Package"
    LastWriteTime="134159720276594465" />
  <Object
    Path="C:\projects\AutomatedPongGame\Physical\Config1\4PPC70_0573_20B\TextSystem\Package.pkg"
    LogicalPath="Config1.4PPC70_0573_20B.TextSystem"
    Type="Package"
    LastWriteTime="134159720276594465" />
  <Object
    Path="C:\projects\AutomatedPongGame\Physical\Config1\4PPC70_0573_20B\UnitSystem\Package.pkg"
    LogicalPath="Config1.4PPC70_0573_20B.UnitSystem"
    Type="Package"
    LastWriteTime="134160591227716661" />
  <Object
    Path="C:\projects\AutomatedPongGame\Physical\Config1\4PPC70_0573_20B\UnitSystem\User_1.units"
    LogicalPath="Config1.4PPC70_0573_20B.UnitSystem.User_1.units"
    Type="File"
    LastWriteTime="134160591836186860"
    Private="false" />
  <Object
    Path="C:\projects\AutomatedPongGame\Physical\Config1\4PPC70_0573_20B\AccessAndSecurity\Package.pkg"
    LogicalPath="Config1.4PPC70_0573_20B.AccessAndSecurity"
    Type="Package"
    LastWriteTime="134159720277166765" />
  <Object
    Path="C:\projects\AutomatedPongGame\Physical\Config1\4PPC70_0573_20B\AccessAndSecurity\UserRoleSystem\Package.pkg"
    LogicalPath="Config1.4PPC70_0573_20B.AccessAndSecurity.UserRoleSystem"
    Type="Package"
    LastWriteTime="134159720276802655" />
  <Object
    Path="C:\projects\AutomatedPongGame\Physical\Config1\4PPC70_0573_20B\AccessAndSecurity\UserRoleSystem\Role.role"
    LogicalPath="Config1.4PPC70_0573_20B.AccessAndSecurity.UserRoleSystem.Role.role"
    Type="File"
    LastWriteTime="134159720276802655"
    Private="false" />
  <Object
    Path="C:\projects\AutomatedPongGame\Physical\Config1\4PPC70_0573_20B\AccessAndSecurity\UserRoleSystem\User.user"
    LogicalPath="Config1.4PPC70_0573_20B.AccessAndSecurity.UserRoleSystem.User.user"
    Type="File"
    LastWriteTime="134159794232022047"
    Private="false" />
  <Object
    Path="C:\projects\AutomatedPongGame\Physical\Config1\4PPC70_0573_20B\AccessAndSecurity\CertificateStore\Package.pkg"
    LogicalPath="Config1.4PPC70_0573_20B.AccessAndSecurity.CertificateStore"
    Type="Package"
    LastWriteTime="134159720277067922" />
  <Object
    Path="C:\projects\AutomatedPongGame\Physical\Config1\4PPC70_0573_20B\AccessAndSecurity\CertificateStore\OwnCertificates\Package.pkg"
    LogicalPath="Config1.4PPC70_0573_20B.AccessAndSecurity.CertificateStore.OwnCertificates"
    Type="Package"
    LastWriteTime="134159720276911538" />
  <Object
    Path="C:\projects\AutomatedPongGame\Physical\Config1\4PPC70_0573_20B\AccessAndSecurity\CertificateStore\OwnCertificates\Certificates\Package.pkg"
    LogicalPath="Config1.4PPC70_0573_20B.AccessAndSecurity.CertificateStore.OwnCertificates.Certificates"
    Type="Package"
    LastWriteTime="134159720276911538" />
  <Object
    Path="C:\projects\AutomatedPongGame\Physical\Config1\4PPC70_0573_20B\AccessAndSecurity\CertificateStore\OwnCertificates\PrivateKeys\Package.pkg"
    LogicalPath="Config1.4PPC70_0573_20B.AccessAndSecurity.CertificateStore.OwnCertificates.PrivateKeys"
    Type="Package"
    LastWriteTime="134159720276911538" />
  <Object
    Path="C:\projects\AutomatedPongGame\Physical\Config1\4PPC70_0573_20B\AccessAndSecurity\CertificateStore\ThirdPartyCertificates\Package.pkg"
    LogicalPath="Config1.4PPC70_0573_20B.AccessAndSecurity.CertificateStore.ThirdPartyCertificates"
    Type="Package"
    LastWriteTime="134159720276911538" />
  <Object
    Path="C:\projects\AutomatedPongGame\Physical\Config1\4PPC70_0573_20B\AccessAndSecurity\CertificateStore\ThirdPartyCertificates\SoftwareCertificates\Package.pkg"
    LogicalPath="Config1.4PPC70_0573_20B.AccessAndSecurity.CertificateStore.ThirdPartyCertificates.SoftwareCertificates"
    Type="Package"
    LastWriteTime="134159720276911538" />
  <Object
    Path="C:\projects\AutomatedPongGame\Physical\Config1\4PPC70_0573_20B\AccessAndSecurity\CertificateStore\CertificateRevocationLists\Package.pkg"
    LogicalPath="Config1.4PPC70_0573_20B.AccessAndSecurity.CertificateStore.CertificateRevocationLists"
    Type="Package"
    LastWriteTime="134159720276911538" />
  <Object
    Path="C:\projects\AutomatedPongGame\Physical\Config1\4PPC70_0573_20B\AccessAndSecurity\CertificateStore\CertificateSigningRequests\Package.pkg"
    LogicalPath="Config1.4PPC70_0573_20B.AccessAndSecurity.CertificateStore.CertificateSigningRequests"
    Type="Package"
    LastWriteTime="134159720277067922" />
  <Object
    Path="C:\projects\AutomatedPongGame\Physical\Config1\4PPC70_0573_20B\AccessAndSecurity\TransportLayerSecurity\Package.pkg"
    LogicalPath="Config1.4PPC70_0573_20B.AccessAndSecurity.TransportLayerSecurity"
    Type="Package"
    LastWriteTime="134159720277106339" />
  <Object
    Path="C:\projects\AutomatedPongGame\Physical\Config1\4PPC70_0573_20B\AccessAndSecurity\Firewall\Package.pkg"
    LogicalPath="Config1.4PPC70_0573_20B.AccessAndSecurity.Firewall"
    Type="Package"
    LastWriteTime="134159720277166765" />
  <Object
    Path="C:\projects\AutomatedPongGame\Physical\Config1\4PPC70_0573_20B\AccessAndSecurity\Firewall\Rules.firewallRules"
    LogicalPath="Config1.4PPC70_0573_20B.AccessAndSecurity.Firewall.Rules.firewallRules"
    Type="File"
    LastWriteTime="134159720277166765"
    Private="false" />
  <Object
    Path="C:\projects\AutomatedPongGame\Physical\Config1\4PPC70_0573_20B\mappView\Package.pkg"
    LogicalPath="Config1.4PPC70_0573_20B.mappView"
    Type="Package"
    LastWriteTime="134163987252042013" />
  <Object
    Path="C:\projects\AutomatedPongGame\Physical\Config1\4PPC70_0573_20B\mappView\Binding.binding"
    LogicalPath="Config1.4PPC70_0573_20B.mappView.Binding.binding"
    Type="File"
    LastWriteTime="134166760076386443"
    Private="false" />
  <Object
    Path="C:\projects\AutomatedPongGame\Physical\Config1\4PPC70_0573_20B\mappView\Visualizat.vis"
    LogicalPath="Config1.4PPC70_0573_20B.mappView.Visualizat.vis"
    Type="File"
    LastWriteTime="134164008101326034"
    Private="false" />
  <Object
    Path="C:\projects\AutomatedPongGame\Physical\Config1\4PPC70_0573_20B\mappView\Config.mappviewcfg"
    LogicalPath="Config1.4PPC70_0573_20B.mappView.Config.mappviewcfg"
    Type="File"
    LastWriteTime="134164832681865565"
    Private="false" />
  <Object
    Path="C:\projects\AutomatedPongGame\Physical\Config1\4PPC70_0573_20B\mappVision\Package.pkg"
    LogicalPath="Config1.4PPC70_0573_20B.mappVision"
    Type="Package"
    LastWriteTime="134159720277249484" />
  <Object
    Path="C:\projects\AutomatedPongGame\Physical\Config1\4PPC70_0573_20B\VC\Package.pkg"
    LogicalPath="Config1.4PPC70_0573_20B.VC"
    Type="Package"
    LastWriteTime="134159720295846708" />
  <Object
    Path="C:\projects\AutomatedPongGame\Physical\Config1\4PPC70_0573_20B\VC\4PPC70_0573_20B.dis"
    LogicalPath="Config1.4PPC70_0573_20B.VC.4PPC70_0573_20B.dis"
    Type="File"
    LastWriteTime="134159720295973332"
    Private="false" />
  <Object
    Path="C:\projects\AutomatedPongGame\Physical\Config1\4PPC70_0573_20B\ExternalHardware\Package.pkg"
    LogicalPath="Config1.4PPC70_0573_20B.ExternalHardware"
    Type="Package"
    LastWriteTime="134183906659180750" />
  <Object
    Path="C:\projects\AutomatedPongGame\Physical\Config1\4PPC70_0573_20B\ExternalHardware\H99Q8298.ext"
    LogicalPath="Config1.4PPC70_0573_20B.ExternalHardware.H99Q8298.ext"
    Type="File"
    LastWriteTime="134152905958442963"
    Private="false" />
  <Object
    Path="C:\projects\AutomatedPongGame\Physical\Config1\4PPC70_0573_20B\ExternalHardware\ExternalHardwareDevices.xml"
    LogicalPath="Config1.4PPC70_0573_20B.ExternalHardware.ExternalHardwareDevices.xml"
    Type="File"
    LastWriteTime="134183906659180750"
    Private="false" />
  <Object
    Path="C:\projects\AutomatedPongGame\Physical\Config1\4PPC70_0573_20B\DTM\Package.pkg"
    LogicalPath="Config1.4PPC70_0573_20B.DTM"
    Type="Package"
    LastWriteTime="134164215065675315" />
  <Object
    Path="C:\projects\AutomatedPongGame\Physical\Config1\4PPC70_0573_20B\DTM\X20IF10D1_1\Package.pkg"
    LogicalPath="Config1.4PPC70_0573_20B.DTM.X20IF10D1_1"
    Type="Package"
    LastWriteTime="134183906662527778" />
  <Object
    Path="C:\projects\AutomatedPongGame\Physical\Config1\4PPC70_0573_20B\DTM\X20IF10D1_1\X20IF10D1_1.dtm"
    LogicalPath="Config1.4PPC70_0573_20B.DTM.X20IF10D1_1.X20IF10D1_1.dtm"
    Type="File"
    LastWriteTime="134187525756890843"
    Private="false" />
  <Object
    Path="C:\projects\AutomatedPongGame\Physical\Config1\4PPC70_0573_20B\DTM\X20IF10D1_1\IO_Link_Master_SL_EIP_8P_IP67_V1_5\Package.pkg"
    LogicalPath="Config1.4PPC70_0573_20B.DTM.X20IF10D1_1.IO_Link_Master_SL_EIP_8P_IP67_V1_5"
    Type="Package"
    LastWriteTime="134164215067858762" />
  <Object
    Path="C:\projects\AutomatedPongGame\Physical\Config1\4PPC70_0573_20B\DTM\X20IF10D1_1\IO_Link_Master_SL_EIP_8P_IP67_V1_5\IO_Link_Master_SL_EIP_8P_IP67_V1_5.dtmdri"
    LogicalPath="Config1.4PPC70_0573_20B.DTM.X20IF10D1_1.IO_Link_Master_SL_EIP_8P_IP67_V1_5.IO_Link_Master_SL_EIP_8P_IP67_V1_5.dtmdri"
    Type="File"
    LastWriteTime="134187461821309584"
    Private="false" />
  <Object
    Path="C:\projects\AutomatedPongGame\Physical\Config1\4PPC70_0573_20B\DTM\X20IF10D1_1\IO_Link_Master_SL_EIP_8P_IP67_V1_5\IO_Link_Master_SL_EIP_8P_IP67_V1_5.dtmdre"
    LogicalPath="Config1.4PPC70_0573_20B.DTM.X20IF10D1_1.IO_Link_Master_SL_EIP_8P_IP67_V1_5.IO_Link_Master_SL_EIP_8P_IP67_V1_5.dtmdre"
    Type="File"
    LastWriteTime="134187461821329687"
    Private="false" />
  <Object
    Path="C:\projects\AutomatedPongGame\Physical\Config1\4PPC70_0573_20B\DTM\X20IF10D1_1\IO_Link_Master_SL_EIP_8P_IP67_V1_5\IO_Link_Master_SL_EIP_8P_IP67_V1_5.dtmtre"
    LogicalPath="Config1.4PPC70_0573_20B.DTM.X20IF10D1_1.IO_Link_Master_SL_EIP_8P_IP67_V1_5.IO_Link_Master_SL_EIP_8P_IP67_V1_5.dtmtre"
    Type="File"
    LastWriteTime="134164215067858762"
    Private="false" />
  <Object
    Path="C:\projects\AutomatedPongGame\Physical\Config1\4PPC70_0573_20B\DTM\X20IF10D1_1\X20IF10D1_1_IF1\Package.pkg"
    LogicalPath="Config1.4PPC70_0573_20B.DTM.X20IF10D1_1.X20IF10D1_1_IF1"
    Type="Package"
    LastWriteTime="134164215067449276" />
  <Object
    Path="C:\projects\AutomatedPongGame\Physical\Config1\4PPC70_0573_20B\DTM\X20IF10D1_1\X20IF10D1_1_IF1\X20IF10D1_1_IF1.dtmdri"
    LogicalPath="Config1.4PPC70_0573_20B.DTM.X20IF10D1_1.X20IF10D1_1_IF1.X20IF10D1_1_IF1.dtmdri"
    Type="File"
    LastWriteTime="134187525697385756"
    Private="false" />
  <Object
    Path="C:\projects\AutomatedPongGame\Physical\Config1\4PPC70_0573_20B\DTM\X20IF10D1_1\X20IF10D1_1_IF1\X20IF10D1_1_IF1.dtmdre"
    LogicalPath="Config1.4PPC70_0573_20B.DTM.X20IF10D1_1.X20IF10D1_1_IF1.X20IF10D1_1_IF1.dtmdre"
    Type="File"
    LastWriteTime="134187525697385756"
    Private="false" />
  <Object
    Path="C:\projects\AutomatedPongGame\Physical\Config1\4PPC70_0573_20B\DTM\X20IF10D1_1\X20IF10D1_1_IF1\X20IF10D1_1_IF1.dtmdra"
    LogicalPath="Config1.4PPC70_0573_20B.DTM.X20IF10D1_1.X20IF10D1_1_IF1.X20IF10D1_1_IF1.dtmdra"
    Type="File"
    LastWriteTime="134164215067168562"
    Private="false" />
  <Object
    Path="C:\projects\AutomatedPongGame\Physical\Config1\4PPC70_0573_20B\DTM\X20IF10D1_1\X20IF10D1_1_IF1\X20IF10D1_1_IF1.dtmtre"
    LogicalPath="Config1.4PPC70_0573_20B.DTM.X20IF10D1_1.X20IF10D1_1_IF1.X20IF10D1_1_IF1.dtmtre"
    Type="File"
    LastWriteTime="134183906661572291"
    Private="false" />
  <Object
    Path="C:\projects\AutomatedPongGame\Physical\Config1\4PPC70_0573_20B\Motion\Package.pkg"
    LogicalPath="Config1.4PPC70_0573_20B.Motion"
    Type="Package"
    LastWriteTime="134175404790130704" />
  <Object
    Path="C:\projects\AutomatedPongGame\Physical\Config1\4PPC70_0573_20B\Motion\Acp10map.ncm"
    LogicalPath="Config1.4PPC70_0573_20B.Motion.Acp10map.ncm"
    Type="File"
    LastWriteTime="134175404789225683"
    Private="false" />
  <Object
    Path="C:\projects\AutomatedPongGame\Physical\Config1\4PPC70_0573_20B\Motion\Acp10cfg.ncc"
    LogicalPath="Config1.4PPC70_0573_20B.Motion.Acp10cfg.ncc"
    Type="File"
    LastWriteTime="134175404794730240"
    Private="false" />
  <Object
    Path="C:\projects\AutomatedPongGame\Physical\Config1\Hardware.jpg"
    LogicalPath="Config1.Hardware.jpg"
    Type="File"
    LastWriteTime="134183998688582169"
    Private="false" />
</Objects>