C:\projects\AutomatedPongGame\Logical\Global.typ
C:\projects\AutomatedPongGame\Logical\Global.var
C:\projects\AutomatedPongGame\Logical\Libraries\operator\operator.fun
C:\projects\AutomatedPongGame\Logical\Libraries\operator\operator.typ
C:\projects\AutomatedPongGame\Logical\Libraries\operator\operator.var
C:\projects\AutomatedPongGame\Logical\Libraries\runtime\runtime.fun
C:\projects\AutomatedPongGame\Logical\Libraries\runtime\runtime.typ
C:\projects\AutomatedPongGame\Logical\Libraries\runtime\runtime.var
C:\projects\AutomatedPongGame\Logical\Libraries\astime\astime.fun
C:\projects\AutomatedPongGame\Logical\Libraries\astime\astime.typ
C:\projects\AutomatedPongGame\Logical\Libraries\astime\astime.var
C:\projects\AutomatedPongGame\Logical\Libraries\AsIecCon\AsIecCon.fun
C:\projects\AutomatedPongGame\Logical\Libraries\AsIecCon\AsIecCon.typ
C:\projects\AutomatedPongGame\Logical\Libraries\AsIecCon\AsIecCon.var
C:\projects\AutomatedPongGame\Logical\Libraries\standard\standard.fun
C:\projects\AutomatedPongGame\Logical\Libraries\standard\standard.typ
C:\projects\AutomatedPongGame\Logical\Libraries\standard\standard.var
C:\projects\AutomatedPongGame\Logical\Libraries\sys_lib\sys_lib.fun
C:\projects\AutomatedPongGame\Logical\Libraries\sys_lib\sys_lib.typ
C:\projects\AutomatedPongGame\Logical\Libraries\sys_lib\sys_lib.var
C:\projects\AutomatedPongGame\Logical\Libraries\brsystem\brsystem.fun
C:\projects\AutomatedPongGame\Logical\Libraries\brsystem\brsystem.typ
C:\projects\AutomatedPongGame\Logical\Libraries\brsystem\brsystem.var
C:\projects\AutomatedPongGame\Logical\Libraries\AsBrStr\AsBrStr.fun
C:\projects\AutomatedPongGame\Logical\Libraries\AsBrStr\AsBrStr.typ
C:\projects\AutomatedPongGame\Logical\Libraries\AsBrStr\AsBrStr.var
C:\projects\AutomatedPongGame\Logical\Libraries\Acp10man\Acp10man.typ
C:\projects\AutomatedPongGame\Logical\Libraries\Acp10par\Acp10par.var
C:\projects\AutomatedPongGame\Logical\Libraries\NcGlobal\NcGlobal.fun
C:\projects\AutomatedPongGame\Logical\Libraries\NcGlobal\NcGlobal.typ
C:\projects\AutomatedPongGame\Logical\Libraries\NcGlobal\NcGlobal.var
C:\projects\AutomatedPongGame\Logical\Libraries\Acp10sdc\acp10sdc.var
C:\projects\AutomatedPongGame\Logical\Libraries\Acp10sdc\acp10sdc.typ
C:\projects\AutomatedPongGame\Logical\Libraries\Acp10_MC\acp10_mc.fun
C:\projects\AutomatedPongGame\Logical\Libraries\Acp10_MC\acp10_mc.typ
C:\projects\AutomatedPongGame\Logical\Libraries\Acp10_MC\acp10_mc.var
C:\projects\AutomatedPongGame\Logical\Libraries\Library\Types.typ
C:\projects\AutomatedPongGame\Logical\Libraries\Library\Variables.var
C:\projects\AutomatedPongGame\Logical\Libraries\Library\Library.fun
